CREATE EXTENSION pghostname_zig;
SELECT COALESCE(length(pghostname_zig()), 0) > 0;
 ?column? 
----------
 t
(1 row)

